// Jest Snapshot v1, https://goo.gl/fbAQLP

exports[`The Footer component renders correctly 1`] = `ShallowWrapper {}`;

exports[`The Navigation component renders correctly 1`] = `ShallowWrapper {}`;
